<html>
<body>
<pre>
<h1>µVision Build Log</h1>
<h2>Tool Versions:</h2>
IDE-Version: £gVision V5.20.0.0
Copyright (C) 2016 ARM Ltd and ARM Germany GmbH. All rights reserved.
License Information: lll Micro, at, LIC=----
 
Tool Versions:
Toolchain:       MDK-Lite  Version: 5.20
Toolchain Path:  C:\Keil_v5\ARM\ARMCC\Bin
C Compiler:      Armcc.exe V5.06 update 2 (build 183)
Assembler:       Armasm.exe V5.06 update 2 (build 183)
Linker/Locator:  ArmLink.exe V5.06 update 2 (build 183)
Library Manager: ArmAr.exe V5.06 update 2 (build 183)
Hex Converter:   FromElf.exe V5.06 update 2 (build 183)
CPU DLL:         SARMCM3.DLL V5.20
Dialog DLL:      DARMCM1.DLL V1.14.0.0
Target DLL:      STLink\ST-LINKIII-KEIL_SWO.dll V2.0.18.0
Dialog DLL:      TARMCM1.DLL V1.10.0.0
 
<h2>Project:</h2>
C:\Users\YVTC\Desktop\Tester\test.uvprojx
Project File Date:  02/18/2017

<h2>Output:</h2>
*** Using Compiler 'V5.06 update 2 (build 183)', folder: 'C:\Keil_v5\ARM\ARMCC\Bin'
Rebuild target 'STM32F0'
Clean started - Project: 'test'
   deleting intermediate output files for target 'STM32F0'
compiling Led_test.c...
Led_test.c(206): warning:  #1-D: last line of file ends without a newline
  }
Led_test.c: 1 warning, 0 errors
compiling usart_user.c...
..\Project\Nucleo_control\usart_user.c(111): warning:  #1-D: last line of file ends without a newline
   
..\Project\Nucleo_control\usart_user.c: 1 warning, 0 errors
compiling Buttons_STM32F072-Discovery.c...
compiling LED_STM32F072-Discovery.c...
compiling retarget_io.c...
assembling startup_stm32f072xb.s...
compiling system_stm32f0xx.c...
linking...
Program Size: Code=1668 RO-data=240 RW-data=12 ZI-data=1028  
".\Objects\test.axf" - 0 Error(s), 2 Warning(s).

*** Performing Cross-Module-Optimization:
compiling Led_test.c...
Led_test.c(206): warning:  #1-D: last line of file ends without a newline
  }
Led_test.c: 1 warning, 0 errors
compiling usart_user.c...
..\Project\Nucleo_control\usart_user.c(111): warning:  #1-D: last line of file ends without a newline
   
..\Project\Nucleo_control\usart_user.c: 1 warning, 0 errors
compiling Buttons_STM32F072-Discovery.c...
compiling LED_STM32F072-Discovery.c...
compiling retarget_io.c...
compiling system_stm32f0xx.c...
linking...
Program Size: Code=1668 RO-data=240 RW-data=12 ZI-data=1028  
".\Objects\test.axf" - 0 Error(s), 2 Warning(s).
*** Completed Cross-Module-Optimization after 2 iteration(s).

<h2>Software Packages used:</h2>

Package Vendor: Keil
                http://www.keil.com/pack/Keil.ARM_Compiler.1.2.0.pack
                Keil.ARM Compiler::Compiler:I/O:STDOUT:User:1.1.0
                Keil ARM Compiler extensions
   * Component: STDOUT Variant: User Version: 1.1.0

Package Vendor: ARM
                http://www.keil.com/pack/ARM.CMSIS.5.0.0.pack
                ARM::CMSIS:CORE:5.0.0
                CMSIS (Cortex Microcontroller Software Interface Standard)
   * Component: CORE Version: 5.0.0

Package Vendor: Keil
                http://www.keil.com/pack/Keil.MDK-Middleware.7.3.0.pack
                ::Board Support:LED:1.00 (API)
                Keil MDK-ARM Professional Middleware for ARM Cortex-M based devices
   * Component: LED Version: 1.00
   * Component: Buttons Version: 1.00

Package Vendor: Keil
                http://www.keil.com/pack/Keil.STM32F0xx_DFP.1.5.0.pack
                Keil.STM32F072-Discovery::Board Support:LED:1.0.0
                STMicroelectronics STM32F0 Series Device Support and Examples
   * Component: LED Version: 1.0.0
   * Component: Startup Version: 2.2.3
   * Component: Buttons Version: 1.0.0

<h2>Collection of Component include folders:</h2>
  C:\Users\YVTC\Desktop\Tester\RTE
  C:\Keil_v5\ARM\PACK\ARM\CMSIS\5.0.0\CMSIS\Include
  C:\Keil_v5\ARM\PACK\Keil\MDK-Middleware\7.3.0\Board
  C:\Keil_v5\ARM\PACK\Keil\STM32F0xx_DFP\1.5.0\Device\Include

<h2>Collection of Component Files used:</h2>

   * Component: Keil.ARM Compiler::Compiler:I/O:STDOUT:User:1.1.0
      Source file:   Source\retarget_io.c
      Source file:   Template\stdout_display.c
      Source file:   Template\stdout_user.c
      Source file:   Template\stdout_USART.c

   * Component: ARM::CMSIS:CORE:5.0.0

   * Component: ::Board Support:LED:1.00 (API)
      Include file:  Board\Board_LED.h

   * Component: ::Board Support:Buttons:1.00 (API)
      Include file:  Board\Board_Buttons.h

   * Component: Keil.STM32F072-Discovery::Board Support:LED:1.0.0
      Source file:   Boards\ST\STM32F072-Discovery\Common\LED_STM32F072-Discovery.c

   * Component: Keil::Device:Startup:2.2.3
      Source file:   Device\Source\system_stm32f0xx.c
      Source file:   Device\Source\ARM\STM32F0xx_OPT.s
      Source file:   Device\Source\ARM\startup_stm32f072xb.s

   * Component: Keil.STM32F072-Discovery::Board Support:Buttons:1.0.0
      Source file:   Boards\ST\STM32F072-Discovery\Common\Buttons_STM32F072-Discovery.c
Build Time Elapsed:  00:00:06
</pre>
</body>
</html>
